// Jest Snapshot v1, https://goo.gl/fbAQLP

exports[`IconButton should match snapshot 1`] = `
<TouchableOpacity
  activeOpacity={0.2}
  onPress={[MockFunction]}
  style={
    Array [
      Object {
        "alignItems": "center",
        "justifyContent": "center",
      },
      undefined,
    ]
  }
>
  <Icon
    disabledStyle={
      Array [
        Object {
          "backgroundColor": "transparent",
        },
        undefined,
      ]
    }
    name="content-paste"
  />
</TouchableOpacity>
`;
