// Jest Snapshot v1, https://goo.gl/fbAQLP

exports[`PlanInput renders correctly 1`] = `
<Fragment>
  <TextInput
    placeholder="Type plan name"
    style={
      Object {
        "marginLeft": 8,
      }
    }
    value="Music"
  />
</Fragment>
`;
