// Jest Snapshot v1, https://goo.gl/fbAQLP

exports[`PlanActivityScreen renders correctly 1`] = `
<FullScreenTemplate
  darkBackground={true}
>
  <Component />
</FullScreenTemplate>
`;
